14:51:02 **** Incremental Build of configuration Debug for project 013_spi_transmit ****
make -j8 all 
arm-none-eabi-gcc "../Core/Src/main.c" -mcpu=cortex-m4 -std=gnu11 -g3 -DDEBUG -DUSE_HAL_DRIVER -DSTM32F303xE -c -I../Core/Inc -I../Drivers/STM32F3xx_HAL_Driver/Inc -I../Drivers/STM32F3xx_HAL_Driver/Inc/Legacy -I../Drivers/CMSIS/Device/ST/STM32F3xx/Include -I../Drivers/CMSIS/Include -O0 -ffunction-sections -fdata-sections -Wall -fstack-usage -MMD -MP -MF"Core/Src/main.d" -MT"Core/Src/main.o" --specs=nano.specs -mfpu=fpv4-sp-d16 -mfloat-abi=hard -mthumb -o "Core/Src/main.o"
arm-none-eabi-gcc -o "013_spi_transmit.elf" @"objects.list"   -mcpu=cortex-m4 -T"C:\Users\enes_\Desktop\stm32-examples\013_spi_transmit\STM32F303RETX_FLASH.ld" --specs=nosys.specs -Wl,-Map="013_spi_transmit.map" -Wl,--gc-sections -static --specs=nano.specs -mfpu=fpv4-sp-d16 -mfloat-abi=hard -mthumb -Wl,--start-group -lc -lm -Wl,--end-group
Finished building target: 013_spi_transmit.elf
 
arm-none-eabi-objdump -h -S  013_spi_transmit.elf  > "013_spi_transmit.list"
arm-none-eabi-objcopy  -O binary  013_spi_transmit.elf  "013_spi_transmit.bin"
arm-none-eabi-size   013_spi_transmit.elf 
   text	   data	    bss	    dec	    hex	filename
   9648	     28	   1668	  11344	   2c50	013_spi_transmit.elf
Finished building: default.size.stdout
 
Finished building: 013_spi_transmit.bin
 
Finished building: 013_spi_transmit.list
 

14:51:03 Build Finished. 0 errors, 0 warnings. (took 1s.114ms)

