20:47:39 **** Incremental Build of configuration Debug for project 020_freetos_timer ****
make -j8 all 
arm-none-eabi-gcc "../Core/Src/main.c" -mcpu=cortex-m4 -std=gnu11 -g3 -DDEBUG -DUSE_HAL_DRIVER -DSTM32F303xE -c -I../Core/Inc -I../Drivers/STM32F3xx_HAL_Driver/Inc -I../Drivers/STM32F3xx_HAL_Driver/Inc/Legacy -I../Drivers/CMSIS/Device/ST/STM32F3xx/Include -I../Drivers/CMSIS/Include -I../Middlewares/Third_Party/FreeRTOS/Source/include -I../Middlewares/Third_Party/FreeRTOS/Source/CMSIS_RTOS -I../Middlewares/Third_Party/FreeRTOS/Source/portable/GCC/ARM_CM4F -O0 -ffunction-sections -fdata-sections -Wall -fstack-usage -MMD -MP -MF"Core/Src/main.d" -MT"Core/Src/main.o" --specs=nano.specs -mfpu=fpv4-sp-d16 -mfloat-abi=hard -mthumb -o "Core/Src/main.o"
arm-none-eabi-gcc "../Core/Src/syscalls.c" -mcpu=cortex-m4 -std=gnu11 -g3 -DDEBUG -DUSE_HAL_DRIVER -DSTM32F303xE -c -I../Core/Inc -I../Drivers/STM32F3xx_HAL_Driver/Inc -I../Drivers/STM32F3xx_HAL_Driver/Inc/Legacy -I../Drivers/CMSIS/Device/ST/STM32F3xx/Include -I../Drivers/CMSIS/Include -I../Middlewares/Third_Party/FreeRTOS/Source/include -I../Middlewares/Third_Party/FreeRTOS/Source/CMSIS_RTOS -I../Middlewares/Third_Party/FreeRTOS/Source/portable/GCC/ARM_CM4F -O0 -ffunction-sections -fdata-sections -Wall -fstack-usage -MMD -MP -MF"Core/Src/syscalls.d" -MT"Core/Src/syscalls.o" --specs=nano.specs -mfpu=fpv4-sp-d16 -mfloat-abi=hard -mthumb -o "Core/Src/syscalls.o"
arm-none-eabi-gcc "../Core/Src/sysmem.c" -mcpu=cortex-m4 -std=gnu11 -g3 -DDEBUG -DUSE_HAL_DRIVER -DSTM32F303xE -c -I../Core/Inc -I../Drivers/STM32F3xx_HAL_Driver/Inc -I../Drivers/STM32F3xx_HAL_Driver/Inc/Legacy -I../Drivers/CMSIS/Device/ST/STM32F3xx/Include -I../Drivers/CMSIS/Include -I../Middlewares/Third_Party/FreeRTOS/Source/include -I../Middlewares/Third_Party/FreeRTOS/Source/CMSIS_RTOS -I../Middlewares/Third_Party/FreeRTOS/Source/portable/GCC/ARM_CM4F -O0 -ffunction-sections -fdata-sections -Wall -fstack-usage -MMD -MP -MF"Core/Src/sysmem.d" -MT"Core/Src/sysmem.o" --specs=nano.specs -mfpu=fpv4-sp-d16 -mfloat-abi=hard -mthumb -o "Core/Src/sysmem.o"
arm-none-eabi-gcc "../Core/Src/system_stm32f3xx.c" -mcpu=cortex-m4 -std=gnu11 -g3 -DDEBUG -DUSE_HAL_DRIVER -DSTM32F303xE -c -I../Core/Inc -I../Drivers/STM32F3xx_HAL_Driver/Inc -I../Drivers/STM32F3xx_HAL_Driver/Inc/Legacy -I../Drivers/CMSIS/Device/ST/STM32F3xx/Include -I../Drivers/CMSIS/Include -I../Middlewares/Third_Party/FreeRTOS/Source/include -I../Middlewares/Third_Party/FreeRTOS/Source/CMSIS_RTOS -I../Middlewares/Third_Party/FreeRTOS/Source/portable/GCC/ARM_CM4F -O0 -ffunction-sections -fdata-sections -Wall -fstack-usage -MMD -MP -MF"Core/Src/system_stm32f3xx.d" -MT"Core/Src/system_stm32f3xx.o" --specs=nano.specs -mfpu=fpv4-sp-d16 -mfloat-abi=hard -mthumb -o "Core/Src/system_stm32f3xx.o"
../Core/Src/main.c: In function 'StartDefaultTask':
../Core/Src/main.c:289:30: warning: pointer targets in passing argument 2 of 'HAL_UART_Transmit' differ in signedness [-Wpointer-sign]
  289 |   HAL_UART_Transmit(&huart2, "Sending from UART TASK\n", 23, 100);
      |                              ^~~~~~~~~~~~~~~~~~~~~~~~~~
      |                              |
      |                              char *
In file included from ../Core/Inc/stm32f3xx_hal_conf.h:326,
                 from ../Drivers/STM32F3xx_HAL_Driver/Inc/stm32f3xx_hal.h:30,
                 from ../Core/Inc/main.h:31,
                 from ../Core/Src/main.c:21:
../Drivers/STM32F3xx_HAL_Driver/Inc/stm32f3xx_hal_uart.h:1462:73: note: expected 'uint8_t *' {aka 'unsigned char *'} but argument is of type 'char *'
 1462 | HAL_StatusTypeDef HAL_UART_Transmit(UART_HandleTypeDef *huart, uint8_t *pData, uint16_t Size, uint32_t Timeout);
      |                                                                ~~~~~~~~~^~~~~
../Core/Src/main.c: In function 'Callback01':
../Core/Src/main.c:322:29: warning: pointer targets in passing argument 2 of 'HAL_UART_Transmit' differ in signedness [-Wpointer-sign]
  322 |  HAL_UART_Transmit(&huart2, "Sending from PERIODIC TIMER\n", 28, 100);
      |                             ^~~~~~~~~~~~~~~~~~~~~~~~~~~~~~~
      |                             |
      |                             char *
In file included from ../Core/Inc/stm32f3xx_hal_conf.h:326,
                 from ../Drivers/STM32F3xx_HAL_Driver/Inc/stm32f3xx_hal.h:30,
                 from ../Core/Inc/main.h:31,
                 from ../Core/Src/main.c:21:
../Drivers/STM32F3xx_HAL_Driver/Inc/stm32f3xx_hal_uart.h:1462:73: note: expected 'uint8_t *' {aka 'unsigned char *'} but argument is of type 'char *'
 1462 | HAL_StatusTypeDef HAL_UART_Transmit(UART_HandleTypeDef *huart, uint8_t *pData, uint16_t Size, uint32_t Timeout);
      |                                                                ~~~~~~~~~^~~~~
arm-none-eabi-gcc -o "020_freetos_timer.elf" @"objects.list"   -mcpu=cortex-m4 -T"C:\Users\enes_\Desktop\stm32-examples\020_freetos_timer\STM32F303RETX_FLASH.ld" --specs=nosys.specs -Wl,-Map="020_freetos_timer.map" -Wl,--gc-sections -static --specs=nano.specs -mfpu=fpv4-sp-d16 -mfloat-abi=hard -mthumb -Wl,--start-group -lc -lm -Wl,--end-group
Finished building target: 020_freetos_timer.elf
 
arm-none-eabi-size   020_freetos_timer.elf 
arm-none-eabi-objdump -h -S  020_freetos_timer.elf  > "020_freetos_timer.list"
arm-none-eabi-objcopy  -O binary  020_freetos_timer.elf  "020_freetos_timer.bin"
   text	   data	    bss	    dec	    hex	filename
  24312	     24	   7216	  31552	   7b40	020_freetos_timer.elf
Finished building: default.size.stdout
 
Finished building: 020_freetos_timer.bin
 
Finished building: 020_freetos_timer.list
 
20:48:01 **** Incremental Build of configuration Debug for project 020_freetos_timer ****
make -j8 all 
arm-none-eabi-size   020_freetos_timer.elf 
   text	   data	    bss	    dec	    hex	filename
  24312	     24	   7216	  31552	   7b40	020_freetos_timer.elf
Finished building: default.size.stdout
 
